never_called("align_comments").
never_called("group_aliased").
never_called("group_arrays").
never_called("group_as").
never_called("group_assignment").
never_called("group_begin").
never_called("group_brackets").
never_called("group_case").
never_called("group_comments").
never_called("group_comparison").
never_called("group_for").
never_called("group_functions").
never_called("group_identifier").
never_called("group_identifier_list").
never_called("group_if").
never_called("group_operator").
never_called("group_order").
never_called("group_over").
never_called("group_parenthesis").
never_called("group_period").
never_called("group_typecasts").
never_called("group_typed_literal").
never_called("group_tzcasts").
never_called("group_values").
never_called("group_where").
never_called("parse").
outside("sqlparse.__main__").
outside("sqlparse.exceptions").
outside("sqlparse.tokens").
outside("sqlparse.utils").
sub_token("Assignment").
sub_token("Begin").
sub_token("Case").
sub_token("Command").
sub_token("Comment").
sub_token("Comparison").
sub_token("For").
sub_token("Function").
sub_token("Having").
sub_token("Identifier").
sub_token("IdentifierList").
sub_token("If").
sub_token("Operation").
sub_token("Over").
sub_token("Parenthesis").
sub_token("SquareBrackets").
sub_token("Statement").
sub_token("TokenList").
sub_token("TypedLiteral").
sub_token("Values").
sub_token("Where").
widely_used("format").
widely_used("group").
widely_used("imt").
widely_used("indent").
widely_used("offset").
widely_used("split").
widely_used("validate_options").
